
> deepseek-chat-clone@0.0.0 build
> vite build

[36mvite v6.4.1 [32mbuilding for production...[36m[39m
node.exe : 
At line:1 char:1
+ & "C:\Program 
Files\nodejs/node.exe" 
"C:\Program 
Files\nodejs/node_mo ...
+ ~~~~~~~~~~~~~~~~~~~~~~~~~~~
~~~~~~~~~~~~~~~~~~~~~~~~~~~~~
~~~~~~~~~~~~~
    + CategoryInfo           
   : NotSpecified: (:String  
  ) [], RemoteException
    + FullyQualifiedErrorId  
   : NativeCommandError
 
/index.css doesn't exist at 
build time, it will remain 
unchanged to be resolved at 
runtime
transforming...
[32mΓ£ô[39m 19 modules transformed.
[31mΓ£ù[39m Build failed 
in 1.56s
[31merror during build:
[31m[vite:esbuild] 
Transform failed with 1 
error:
C:/Users/mdami/Downloads/xgpt
/components/sidebar/MCQ.tsx:1
:0: ERROR: Unexpected 
"∩┐╜"[31m
file: [36mC:/Users/mdami/Dow
nloads/xgpt/components/sideba
r/MCQ.tsx:1:0[31m
[33m
[33mUnexpected "∩┐╜"[33m
1  |  ∩┐╜∩┐╜i m p o r t  
 R e a c t ,   {  
 u s e S t a t e ,  
 u s e R e f ,  
 u s e E f f e c t   }  
 f r o m   ' r e a c t ' ; 
 
   |  ^
2  |   i m p o r t   {  
 U s e r ,   C h e c k ,  
 X ,   B o t ,  
 B o o k O p e n ,  
 S t a r ,   L a y e r s ,  
 L a y o u t L i s t ,  
 C h e v r o n R i g h t ,   
G r a d u a t i o n C a p ,  
 S e n d   }   f r o m   ' l 
u c i d e - r e a c t ' ; 
 
3  |   i m p o r t  
 R e a c t M a r k d o w n  
 f r o m   ' r e a c t - m a 
r k d o w n ' ; 
 
[31m
    at failureErrorWithLog (C
:\Users\mdami\Downloads\xgpt\
node_modules\esbuild\lib\main
.js:1467:15)
    at C:\Users\mdami\Downloa
ds\xgpt\node_modules\esbuild\
lib\main.js:736:50
    at 
responseCallbacks.<computed> 
(C:\Users\mdami\Downloads\xgp
t\node_modules\esbuild\lib\ma
in.js:603:9)
    at handleIncomingPacket (
C:\Users\mdami\Downloads\xgpt
\node_modules\esbuild\lib\mai
n.js:658:12)
    at Socket.readFromStdout 
(C:\Users\mdami\Downloads\xgp
t\node_modules\esbuild\lib\ma
in.js:581:7)
    at Socket.emit 
(node:events:519:28)
    at addChunk (node:interna
l/streams/readable:561:12)
    at 
readableAddChunkPushByteMode 
(node:internal/streams/readab
le:512:3)
    at Readable.push (node:in
ternal/streams/readable:392:5
)
    at Pipe.onStreamRead (nod
e:internal/stream_base_common
s:189:23)[39m
